2026-06-11 01:26:11 OpenVPN 2.7.4 x86_64-apple-darwin23.6.0 [SSL (OpenSSL)] [LZO] [LZ4] [PKCS11] [MH/RECVDA] [AEAD]
2026-06-11 01:26:11 library versions: OpenSSL 3.6.2 7 Apr 2026, LZO 2.10
2026-06-11 01:26:12 TCP/UDP: Preserving recently used remote address: [AF_INET6]64:ff9b::67d1:ffcb:443
2026-06-11 01:26:12 Socket Buffers: R=[131072->131072] S=[131072->131072]
2026-06-11 01:26:12 Attempting to establish TCP connection with [AF_INET6]64:ff9b::67d1:ffcb:443
2026-06-11 01:26:12 TCP connection established with [AF_INET6]64:ff9b::67d1:ffcb:443
2026-06-11 01:26:12 TCPv6_CLIENT link local: (not bound)
2026-06-11 01:26:12 TCPv6_CLIENT link remote: [AF_INET6]64:ff9b::67d1:ffcb:443
2026-06-11 01:26:13 TLS: Initial packet from [AF_INET6]64:ff9b::67d1:ffcb:443, sid=6bc0acf9 f7120656
2026-06-11 01:26:13 WARNING: this configuration may cache passwords in memory -- use the auth-nocache option to prevent this
2026-06-11 01:26:14 VERIFY OK: depth=1, C=US, ST=VPN, L=VPN, O=VPN, OU=VPN, CN=VPN, name=VPN, emailAddress=VPN
2026-06-11 01:26:14 VERIFY KU OK
2026-06-11 01:26:14 Validating certificate extended key usage
2026-06-11 01:26:14 ++ Certificate has EKU (str) TLS Web Server Authentication, expects TLS Web Server Authentication
2026-06-11 01:26:14 VERIFY EKU OK
2026-06-11 01:26:14 VERIFY X509NAME OK: C=US, ST=VPN, L=VPN, O=VPN, OU=VPN, CN=bey-b02.wlvpn.com, emailAddress=VPN
2026-06-11 01:26:14 VERIFY OK: depth=0, C=US, ST=VPN, L=VPN, O=VPN, OU=VPN, CN=bey-b02.wlvpn.com, emailAddress=VPN
2026-06-11 01:26:16 Control Channel: TLSv1.3, cipher TLSv1.3 TLS_AES_256_GCM_SHA384, peer certificate: 2048 bits RSA, signature: RSA-SHA256, peer temporary key: 253 bits X25519, peer signing digest/type: rsa_pss_rsae_sha256 RSASSA-PSS, key agreement: x25519
2026-06-11 01:26:16 [bey-b02.wlvpn.com] Peer Connection Initiated with [AF_INET6]64:ff9b::67d1:ffcb:443
2026-06-11 01:26:16 TLS: move_session: dest=TM_ACTIVE src=TM_INITIAL reinit_src=1
2026-06-11 01:26:16 TLS: tls_multi_process: initial untrusted session promoted to trusted
2026-06-11 01:26:17 SENT CONTROL [bey-b02.wlvpn.com]: 'PUSH_REQUEST' (status=1)
2026-06-11 01:26:17 AUTH: Received control message: AUTH_FAILED
2026-06-11 01:26:17 SIGTERM[soft,auth-failure] received, process exiting
