2026-06-11 01:29:07 OpenVPN 2.7.4 x86_64-apple-darwin23.6.0 [SSL (OpenSSL)] [LZO] [LZ4] [PKCS11] [MH/RECVDA] [AEAD]
2026-06-11 01:29:07 library versions: OpenSSL 3.6.2 7 Apr 2026, LZO 2.10
2026-06-11 01:29:07 TCP/UDP: Preserving recently used remote address: [AF_INET6]64:ff9b::d883:5891:443
2026-06-11 01:29:07 Socket Buffers: R=[131072->131072] S=[131072->131072]
2026-06-11 01:29:07 Attempting to establish TCP connection with [AF_INET6]64:ff9b::d883:5891:443
2026-06-11 01:29:07 TCP connection established with [AF_INET6]64:ff9b::d883:5891:443
2026-06-11 01:29:07 TCPv6_CLIENT link local: (not bound)
2026-06-11 01:29:07 TCPv6_CLIENT link remote: [AF_INET6]64:ff9b::d883:5891:443
2026-06-11 01:29:08 TLS: Initial packet from [AF_INET6]64:ff9b::d883:5891:443, sid=58f9f5ff f78aa495
2026-06-11 01:29:08 WARNING: this configuration may cache passwords in memory -- use the auth-nocache option to prevent this
2026-06-11 01:29:08 VERIFY OK: depth=1, C=US, ST=VPN, L=VPN, O=VPN, OU=VPN, CN=VPN, name=VPN, emailAddress=VPN
2026-06-11 01:29:08 VERIFY KU OK
2026-06-11 01:29:08 Validating certificate extended key usage
2026-06-11 01:29:08 ++ Certificate has EKU (str) TLS Web Server Authentication, expects TLS Web Server Authentication
2026-06-11 01:29:08 VERIFY EKU OK
2026-06-11 01:29:08 VERIFY X509NAME OK: C=US, ST=VPN, L=VPN, O=VPN, OU=VPN, CN=jed-c02.wlvpn.com, emailAddress=VPN
2026-06-11 01:29:08 VERIFY OK: depth=0, C=US, ST=VPN, L=VPN, O=VPN, OU=VPN, CN=jed-c02.wlvpn.com, emailAddress=VPN
2026-06-11 01:29:10 Control Channel: TLSv1.3, cipher TLSv1.3 TLS_AES_256_GCM_SHA384, peer certificate: 2048 bits RSA, signature: RSA-SHA256, peer temporary key: 253 bits X25519, peer signing digest/type: rsa_pss_rsae_sha256 RSASSA-PSS, key agreement: x25519
2026-06-11 01:29:10 [jed-c02.wlvpn.com] Peer Connection Initiated with [AF_INET6]64:ff9b::d883:5891:443
2026-06-11 01:29:10 TLS: move_session: dest=TM_ACTIVE src=TM_INITIAL reinit_src=1
2026-06-11 01:29:10 TLS: tls_multi_process: initial untrusted session promoted to trusted
2026-06-11 01:29:10 AUTH: Received control message: AUTH_FAILED
2026-06-11 01:29:10 SIGTERM[soft,auth-failure] received, process exiting
