2026-06-11 01:12:34 OpenVPN 2.7.4 x86_64-apple-darwin23.6.0 [SSL (OpenSSL)] [LZO] [LZ4] [PKCS11] [MH/RECVDA] [AEAD]
2026-06-11 01:12:34 library versions: OpenSSL 3.6.2 7 Apr 2026, LZO 2.10
2026-06-11 01:12:34 RESOLVE: Cannot resolve host address: sjc-c09.vpn.wlvpn.com:443 (nodename nor servname provided, or not known)
2026-06-11 01:12:34 RESOLVE: Cannot resolve host address: sjc-c09.vpn.wlvpn.com:443 (nodename nor servname provided, or not known)
2026-06-11 01:12:34 Could not determine IPv4/IPv6 protocol
2026-06-11 01:12:34 SIGUSR1[soft,Could not determine IPv4/IPv6 protocol] received, process restarting
2026-06-11 01:12:34 Restart pause, 2 second(s)
2026-06-11 01:12:36 TCP/UDP: Preserving recently used remote address: [AF_INET6]64:ff9b::d883:7ad1:443
2026-06-11 01:12:36 Socket Buffers: R=[131072->131072] S=[131072->131072]
2026-06-11 01:12:36 Attempting to establish TCP connection with [AF_INET6]64:ff9b::d883:7ad1:443
2026-06-11 01:12:37 TCP connection established with [AF_INET6]64:ff9b::d883:7ad1:443
2026-06-11 01:12:37 TCPv6_CLIENT link local: (not bound)
2026-06-11 01:12:37 TCPv6_CLIENT link remote: [AF_INET6]64:ff9b::d883:7ad1:443
2026-06-11 01:12:37 TLS: Initial packet from [AF_INET6]64:ff9b::d883:7ad1:443, sid=f9e7ca0a d2c3c1d3
2026-06-11 01:12:37 WARNING: this configuration may cache passwords in memory -- use the auth-nocache option to prevent this
2026-06-11 01:12:38 VERIFY OK: depth=1, C=US, ST=VPN, L=VPN, O=VPN, OU=VPN, CN=VPN, name=VPN, emailAddress=VPN
2026-06-11 01:12:38 VERIFY KU OK
2026-06-11 01:12:38 Validating certificate extended key usage
2026-06-11 01:12:38 ++ Certificate has EKU (str) TLS Web Server Authentication, expects TLS Web Server Authentication
2026-06-11 01:12:38 VERIFY EKU OK
2026-06-11 01:12:38 VERIFY X509NAME OK: C=US, ST=VPN, L=VPN, O=VPN, OU=VPN, CN=sjc-a21.wlvpn.com, emailAddress=VPN
2026-06-11 01:12:38 VERIFY OK: depth=0, C=US, ST=VPN, L=VPN, O=VPN, OU=VPN, CN=sjc-a21.wlvpn.com, emailAddress=VPN
2026-06-11 01:12:41 Control Channel: TLSv1.3, cipher TLSv1.3 TLS_AES_256_GCM_SHA384, peer certificate: 2048 bits RSA, signature: RSA-SHA256, peer temporary key: 253 bits X25519, peer signing digest/type: rsa_pss_rsae_sha256 RSASSA-PSS, key agreement: x25519
2026-06-11 01:12:41 [sjc-a21.wlvpn.com] Peer Connection Initiated with [AF_INET6]64:ff9b::d883:7ad1:443
2026-06-11 01:12:41 TLS: move_session: dest=TM_ACTIVE src=TM_INITIAL reinit_src=1
2026-06-11 01:12:41 TLS: tls_multi_process: initial untrusted session promoted to trusted
2026-06-11 01:12:41 AUTH: Received control message: AUTH_FAILED
2026-06-11 01:12:41 SIGTERM[soft,auth-failure] received, process exiting
